\BOOKMARK [0][]{Contents.0}{\376\377\000T\000a\000b\000l\000e\000\040\000o\000f\000\040\000c\000o\000n\000t\000e\000n\000t\000s}{}% 1
\BOOKMARK [0][]{chapter*.10}{\376\377\000L\000i\000s\000t\000\040\000o\000f\000\040\000f\000i\000g\000u\000r\000e\000s}{}% 2
\BOOKMARK [0][]{chapter*.11}{\376\377\000L\000i\000s\000t\000\040\000o\000f\000\040\000t\000a\000b\000l\000e\000s}{}% 3
\BOOKMARK [0][]{chapter*.12}{\376\377\000L\000i\000s\000t\000\040\000o\000f\000\040\000A\000b\000b\000r\000e\000v\000i\000a\000t\000i\000o\000n\000s}{}% 4
\BOOKMARK [0][]{chapter.1}{\376\377\0001\000\040\000I\000n\000t\000r\000o\000d\000u\000c\000t\000i\000o\000n}{}% 5
\BOOKMARK [1][]{section.1.1}{\376\377\0001\000.\0001\000\040\000M\000o\000t\000i\000v\000a\000t\000i\000o\000n}{chapter.1}% 6
\BOOKMARK [1][]{section.1.2}{\376\377\0001\000.\0002\000\040\000K\000e\000y\000\040\000C\000o\000n\000t\000r\000i\000b\000u\000t\000i\000o\000n\000s}{chapter.1}% 7
\BOOKMARK [0][]{chapter.2}{\376\377\0002\000\040\000T\000h\000e\000o\000r\000e\000t\000i\000c\000a\000l\000\040\000F\000o\000u\000n\000d\000a\000t\000i\000o\000n\000s}{}% 8
\BOOKMARK [1][]{section.2.1}{\376\377\0002\000.\0001\000\040\000N\000e\000u\000r\000a\000l\000\040\000C\000o\000m\000p\000u\000t\000a\000t\000i\000o\000n\000\040\000a\000n\000d\000\040\000L\000e\000a\000r\000n\000i\000n\000g}{chapter.2}% 9
\BOOKMARK [2][]{subsection.2.1.1}{\376\377\0002\000.\0001\000.\0001\000\040\000N\000e\000u\000r\000o\000n\000s\000\040\000a\000n\000d\000\040\000S\000p\000i\000k\000i\000n\000g\000\040\000D\000y\000n\000a\000m\000i\000c\000s}{section.2.1}% 10
\BOOKMARK [2][]{subsection.2.1.2}{\376\377\0002\000.\0001\000.\0002\000\040\000S\000y\000n\000a\000p\000t\000i\000c\000\040\000P\000l\000a\000s\000t\000i\000c\000i\000t\000y\000\040\000a\000n\000d\000\040\000C\000o\000d\000i\000n\000g}{section.2.1}% 11
\BOOKMARK [2][]{subsection.2.1.3}{\376\377\0002\000.\0001\000.\0003\000\040\000L\000e\000a\000r\000n\000i\000n\000g\000\040\000P\000a\000r\000a\000d\000i\000g\000m\000s\000\040\000a\000n\000d\000\040\000R\000e\000i\000n\000f\000o\000r\000c\000e\000m\000e\000n\000t\000\040\000L\000e\000a\000r\000n\000i\000n\000g}{section.2.1}% 12
\BOOKMARK [1][]{section.2.2}{\376\377\0002\000.\0002\000\040\000M\000e\000m\000r\000i\000s\000t\000i\000v\000e\000\040\000D\000e\000v\000i\000c\000e\000s}{chapter.2}% 13
\BOOKMARK [2][]{subsection.2.2.1}{\376\377\0002\000.\0002\000.\0001\000\040\000M\000e\000m\000r\000i\000s\000t\000o\000r\000\040\000D\000e\000v\000i\000c\000e\000\040\000P\000h\000y\000s\000i\000c\000s}{section.2.2}% 14
\BOOKMARK [2][]{subsection.2.2.2}{\376\377\0002\000.\0002\000.\0002\000\040\000C\000h\000a\000r\000g\000e\000\040\000T\000r\000a\000n\000s\000p\000o\000r\000t\000\040\000M\000e\000c\000h\000a\000n\000i\000s\000m\000s}{section.2.2}% 15
\BOOKMARK [2][]{subsection.2.2.3}{\376\377\0002\000.\0002\000.\0003\000\040\000T\000h\000e\000\040\000S\000u\000b\000t\000h\000r\000e\000s\000h\000o\000l\000d\000\040\000R\000e\000g\000i\000m\000e}{section.2.2}% 16
\BOOKMARK [1][]{section.2.3}{\376\377\0002\000.\0003\000\040\000N\000e\000u\000r\000o\000m\000o\000r\000p\000h\000i\000c\000\040\000C\000o\000m\000p\000u\000t\000i\000n\000g\000\040\000H\000a\000r\000d\000w\000a\000r\000e}{chapter.2}% 17
\BOOKMARK [2][]{subsection.2.3.1}{\376\377\0002\000.\0003\000.\0001\000\040\000C\000r\000o\000s\000s\000b\000a\000r\000\040\000I\000n\000-\000M\000e\000m\000o\000r\000y\000\040\000C\000o\000m\000p\000u\000t\000i\000n\000g}{section.2.3}% 18
\BOOKMARK [2][]{subsection.2.3.2}{\376\377\0002\000.\0003\000.\0002\000\040\000H\000a\000r\000d\000w\000a\000r\000e\000\040\000P\000l\000a\000s\000t\000i\000c\000i\000t\000y\000\040\000M\000e\000c\000h\000a\000n\000i\000s\000m\000s}{section.2.3}% 19
\BOOKMARK [2][]{subsection.2.3.3}{\376\377\0002\000.\0003\000.\0003\000\040\000N\000e\000u\000r\000o\000m\000o\000r\000p\000h\000i\000c\000\040\000S\000y\000s\000t\000e\000m\000s\000\040\000a\000n\000d\000\040\000B\000e\000n\000c\000h\000m\000a\000r\000k\000s}{section.2.3}% 20
\BOOKMARK [1][]{section.2.4}{\376\377\0002\000.\0004\000\040\000S\000u\000m\000m\000a\000r\000y}{chapter.2}% 21
\BOOKMARK [0][]{chapter.3}{\376\377\0003\000\040\000F\000a\000b\000r\000i\000c\000a\000t\000i\000o\000n\000\040\000a\000n\000d\000\040\000C\000h\000a\000r\000a\000c\000t\000e\000r\000i\000s\000a\000t\000i\000o\000n\000\040\000M\000e\000t\000h\000o\000d\000o\000l\000o\000g\000i\000e\000s}{}% 22
\BOOKMARK [1][]{section.3.1}{\376\377\0003\000.\0001\000\040\000F\000a\000b\000r\000i\000c\000a\000t\000i\000o\000n\000\040\000a\000n\000d\000\040\000M\000e\000a\000s\000u\000r\000e\000m\000e\000n\000t}{chapter.3}% 23
\BOOKMARK [2][]{subsection.3.1.1}{\376\377\0003\000.\0001\000.\0001\000\040\000M\000a\000t\000e\000r\000i\000a\000l\000\040\000S\000t\000a\000c\000k\000\040\000a\000n\000d\000\040\000G\000e\000o\000m\000e\000t\000r\000y}{section.3.1}% 24
\BOOKMARK [2][]{subsection.3.1.2}{\376\377\0003\000.\0001\000.\0002\000\040\000S\000p\000u\000t\000t\000e\000r\000\040\000D\000e\000p\000o\000s\000i\000t\000i\000o\000n\000\040\000P\000r\000o\000c\000e\000s\000s}{section.3.1}% 25
\BOOKMARK [2][]{subsection.3.1.3}{\376\377\0003\000.\0001\000.\0003\000\040\000E\000l\000e\000c\000t\000r\000i\000c\000a\000l\000\040\000P\000r\000o\000b\000i\000n\000g\000\040\000S\000e\000t\000u\000p}{section.3.1}% 26
\BOOKMARK [1][]{section.3.2}{\376\377\0003\000.\0002\000\040\000R\000e\000s\000i\000s\000t\000i\000v\000e\000\040\000S\000w\000i\000t\000c\000h\000i\000n\000g\000\040\000B\000e\000h\000a\000v\000i\000o\000u\000r}{chapter.3}% 27
\BOOKMARK [2][]{subsection.3.2.1}{\376\377\0003\000.\0002\000.\0001\000\040\000U\000n\000i\000p\000o\000l\000a\000r\000\040\000S\000w\000i\000t\000c\000h\000i\000n\000g}{section.3.2}% 28
\BOOKMARK [2][]{subsection.3.2.2}{\376\377\0003\000.\0002\000.\0002\000\040\000B\000i\000p\000o\000l\000a\000r\000\040\000S\000w\000i\000t\000c\000h\000i\000n\000g}{section.3.2}% 29
\BOOKMARK [2][]{subsection.3.2.3}{\376\377\0003\000.\0002\000.\0003\000\040\000M\000u\000l\000t\000i\000l\000e\000v\000e\000l\000\040\000a\000n\000d\000\040\000T\000h\000r\000e\000s\000h\000o\000l\000d\000\040\000M\000o\000d\000e\000s}{section.3.2}% 30
\BOOKMARK [1][]{section.3.3}{\376\377\0003\000.\0003\000\040\000C\000o\000n\000d\000u\000c\000t\000i\000o\000n\000\040\000a\000n\000d\000\040\000S\000w\000i\000t\000c\000h\000i\000n\000g\000\040\000M\000e\000c\000h\000a\000n\000i\000s\000m\000s}{chapter.3}% 31
\BOOKMARK [2][]{subsection.3.3.1}{\376\377\0003\000.\0003\000.\0001\000\040\000D\000o\000m\000i\000n\000a\000n\000t\000\040\000M\000e\000c\000h\000a\000n\000i\000s\000m\000\040\000I\000d\000e\000n\000t\000i\000f\000i\000c\000a\000t\000i\000o\000n}{section.3.3}% 32
\BOOKMARK [2][]{subsection.3.3.2}{\376\377\0003\000.\0003\000.\0002\000\040\000P\000r\000o\000p\000o\000s\000e\000d\000\040\000S\000w\000i\000t\000c\000h\000i\000n\000g\000\040\000M\000o\000d\000e\000l}{section.3.3}% 33
\BOOKMARK [1][]{section.3.4}{\376\377\0003\000.\0004\000\040\000S\000u\000m\000m\000a\000r\000y}{chapter.3}% 34
\BOOKMARK [0][]{chapter.4}{\376\377\0004\000\040\000C\000u\000r\000r\000e\000n\000t\000\040\000T\000r\000a\000n\000s\000i\000e\000n\000t\000s\000\040\000i\000n\000\040\000M\000e\000m\000r\000i\000s\000t\000i\000v\000e\000\040\000D\000e\000v\000i\000c\000e\000s}{}% 35
\BOOKMARK [1][]{section.4.1}{\376\377\0004\000.\0001\000\040\000O\000r\000i\000g\000i\000n\000s\000\040\000o\000f\000\040\000C\000u\000r\000r\000e\000n\000t\000\040\000T\000r\000a\000n\000s\000i\000e\000n\000t\000s}{chapter.4}% 36
\BOOKMARK [2][]{subsection.4.1.1}{\376\377\0004\000.\0001\000.\0001\000\040\000T\000r\000a\000n\000s\000i\000e\000n\000t\000\040\000P\000h\000e\000n\000o\000m\000e\000n\000o\000l\000o\000g\000y}{section.4.1}% 37
\BOOKMARK [2][]{subsection.4.1.2}{\376\377\0004\000.\0001\000.\0002\000\040\000S\000p\000a\000c\000e\000-\000C\000h\000a\000r\000g\000e\000-\000L\000i\000m\000i\000t\000e\000d\000\040\000C\000o\000n\000d\000u\000c\000t\000i\000o\000n}{section.4.1}% 38
\BOOKMARK [2][]{subsection.4.1.3}{\376\377\0004\000.\0001\000.\0003\000\040\000C\000o\000m\000p\000e\000t\000i\000n\000g\000\040\000T\000r\000a\000n\000s\000p\000o\000r\000t\000\040\000H\000y\000p\000o\000t\000h\000e\000s\000e\000s}{section.4.1}% 39
\BOOKMARK [1][]{section.4.2}{\376\377\0004\000.\0002\000\040\000I\000n\000d\000u\000c\000i\000n\000g\000\040\000T\000r\000a\000n\000s\000i\000e\000n\000t\000s\000\040\000b\000y\000\040\000C\000o\000n\000s\000t\000a\000n\000t\000-\000C\000u\000r\000r\000e\000n\000t\000\040\000S\000t\000r\000e\000s\000s}{chapter.4}% 40
\BOOKMARK [2][]{subsection.4.2.1}{\376\377\0004\000.\0002\000.\0001\000\040\000C\000o\000n\000s\000t\000a\000n\000t\000-\000C\000u\000r\000r\000e\000n\000t\000\040\000S\000t\000r\000e\000s\000s\000i\000n\000g}{section.4.2}% 41
\BOOKMARK [2][]{subsection.4.2.2}{\376\377\0004\000.\0002\000.\0002\000\040\000P\000o\000l\000a\000r\000i\000t\000y\000\040\000D\000e\000p\000e\000n\000d\000e\000n\000c\000e}{section.4.2}% 42
\BOOKMARK [1][]{section.4.3}{\376\377\0004\000.\0003\000\040\000S\000u\000b\000t\000h\000r\000e\000s\000h\000o\000l\000d\000\040\000S\000y\000n\000a\000p\000t\000i\000c\000\040\000P\000l\000a\000s\000t\000i\000c\000i\000t\000y}{chapter.4}% 43
\BOOKMARK [2][]{subsection.4.3.1}{\376\377\0004\000.\0003\000.\0001\000\040\000B\000i\000d\000i\000r\000e\000c\000t\000i\000o\000n\000a\000l\000\040\000P\000l\000a\000s\000t\000i\000c\000i\000t\000y\000\040\000a\000n\000d\000\040\000T\000u\000n\000a\000b\000i\000l\000i\000t\000y}{section.4.3}% 44
\BOOKMARK [2][]{subsection.4.3.2}{\376\377\0004\000.\0003\000.\0002\000\040\000H\000o\000m\000e\000o\000s\000t\000a\000t\000i\000c\000\040\000F\000u\000n\000c\000t\000i\000o\000n}{section.4.3}% 45
\BOOKMARK [2][]{subsection.4.3.3}{\376\377\0004\000.\0003\000.\0003\000\040\000M\000e\000c\000h\000a\000n\000i\000s\000t\000i\000c\000\040\000I\000n\000t\000e\000r\000p\000r\000e\000t\000a\000t\000i\000o\000n}{section.4.3}% 46
\BOOKMARK [1][]{section.4.4}{\376\377\0004\000.\0004\000\040\000S\000u\000m\000m\000a\000r\000y}{chapter.4}% 47
\BOOKMARK [0][]{chapter.5}{\376\377\0005\000\040\000A\000\040\000C\000o\000m\000p\000a\000c\000t\000\040\000M\000o\000d\000e\000l\000\040\000o\000f\000\040\000t\000h\000e\000\040\000D\000u\000a\000l\000-\000P\000h\000a\000s\000e\000\040\000T\000r\000a\000n\000s\000i\000e\000n\000t}{}% 48
\BOOKMARK [1][]{section.5.1}{\376\377\0005\000.\0001\000\040\000E\000l\000e\000c\000t\000r\000o\000d\000e\000\040\000S\000u\000b\000s\000t\000i\000t\000u\000t\000i\000o\000n\000\040\000a\000n\000d\000\040\000t\000h\000e\000\040\000T\000w\000o\000\040\000P\000h\000a\000s\000e\000s}{chapter.5}% 49
\BOOKMARK [2][]{subsection.5.1.1}{\376\377\0005\000.\0001\000.\0001\000\040\000T\000o\000p\000-\000E\000l\000e\000c\000t\000r\000o\000d\000e\000\040\000S\000u\000b\000s\000t\000i\000t\000u\000t\000i\000o\000n\000\040\000w\000i\000t\000h\000\040\000I\000T\000O}{section.5.1}% 50
\BOOKMARK [2][]{subsection.5.1.2}{\376\377\0005\000.\0001\000.\0002\000\040\000O\000p\000t\000i\000c\000a\000l\000\040\000C\000o\000n\000s\000t\000a\000n\000t\000s\000\040\000o\000f\000\040\000t\000h\000e\000\040\000P\000r\000i\000s\000t\000i\000n\000e\000\040\000I\000T\000O\000\040\000C\000o\000n\000t\000a\000c\000t}{section.5.1}% 51
\BOOKMARK [2][]{subsection.5.1.3}{\376\377\0005\000.\0001\000.\0003\000\040\000P\000r\000o\000t\000o\000n\000\040\000D\000r\000i\000f\000t\000\040\000H\000y\000p\000o\000t\000h\000e\000s\000i\000s}{section.5.1}% 52
\BOOKMARK [1][]{section.5.2}{\376\377\0005\000.\0002\000\040\000X\000P\000S\000\040\000E\000v\000i\000d\000e\000n\000c\000e\000\040\000f\000o\000r\000\040\000E\000l\000e\000c\000t\000r\000o\000d\000e\000\040\000R\000e\000d\000u\000c\000t\000i\000o\000n}{chapter.5}% 53
\BOOKMARK [2][]{subsection.5.2.1}{\376\377\0005\000.\0002\000.\0001\000\040\000P\000r\000i\000n\000c\000i\000p\000l\000e\000s\000\040\000o\000f\000\040\000X\000P\000S\000\040\000D\000e\000p\000t\000h\000\040\000P\000r\000o\000f\000i\000l\000i\000n\000g}{section.5.2}% 54
\BOOKMARK [2][]{subsection.5.2.2}{\376\377\0005\000.\0002\000.\0002\000\040\000V\000a\000l\000i\000d\000a\000t\000i\000n\000g\000\040\000I\000T\000O\000\040\000R\000e\000d\000u\000c\000t\000i\000o\000n\000\040\000U\000n\000d\000e\000r\000\040\000S\000t\000r\000e\000s\000s}{section.5.2}% 55
\BOOKMARK [1][]{section.5.3}{\376\377\0005\000.\0003\000\040\000C\000o\000m\000p\000a\000c\000t\000\040\000S\000P\000I\000C\000E\000\040\000M\000o\000d\000e\000l}{chapter.5}% 56
\BOOKMARK [2][]{subsection.5.3.1}{\376\377\0005\000.\0003\000.\0001\000\040\000D\000u\000a\000l\000-\000M\000e\000c\000h\000a\000n\000i\000s\000m\000\040\000E\000m\000p\000i\000r\000i\000c\000a\000l\000\040\000F\000o\000r\000m\000u\000l\000a\000t\000i\000o\000n}{section.5.3}% 57
\BOOKMARK [2][]{subsection.5.3.2}{\376\377\0005\000.\0003\000.\0002\000\040\000D\000i\000s\000p\000e\000r\000s\000i\000v\000e\000\040\000T\000r\000a\000p\000-\000C\000a\000s\000c\000a\000d\000e\000\040\000E\000x\000t\000e\000n\000s\000i\000o\000n\000\040\000a\000n\000d\000\040\000R\000e\000l\000a\000x\000a\000t\000i\000o\000n}{section.5.3}% 58
\BOOKMARK [2][]{subsection.5.3.3}{\376\377\0005\000.\0003\000.\0003\000\040\000E\000x\000t\000e\000n\000s\000i\000o\000n\000\040\000t\000o\000\040\000I\000T\000O\000\040\000D\000e\000v\000i\000c\000e\000s}{section.5.3}% 59
\BOOKMARK [1][]{section.5.4}{\376\377\0005\000.\0004\000\040\000S\000u\000m\000m\000a\000r\000y}{chapter.5}% 60
\BOOKMARK [0][]{chapter.6}{\376\377\0006\000\040\000H\000a\000r\000d\000w\000a\000r\000e\000-\000A\000w\000a\000r\000e\000\040\000S\000p\000i\000k\000i\000n\000g\000\040\000N\000e\000t\000w\000o\000r\000k\000s}{}% 61
\BOOKMARK [1][]{section.6.1}{\376\377\0006\000.\0001\000\040\000S\000p\000i\000k\000i\000n\000g\000\040\000N\000e\000u\000r\000a\000l\000\040\000N\000e\000t\000w\000o\000r\000k\000s}{chapter.6}% 62
\BOOKMARK [2][]{subsection.6.1.1}{\376\377\0006\000.\0001\000.\0001\000\040\000D\000e\000v\000i\000c\000e\000-\000F\000a\000c\000i\000n\000g\000\040\000N\000e\000u\000r\000o\000n\000\040\000M\000o\000d\000e\000l\000s}{section.6.1}% 63
\BOOKMARK [2][]{subsection.6.1.2}{\376\377\0006\000.\0001\000.\0002\000\040\000S\000p\000i\000k\000e\000-\000B\000a\000s\000e\000d\000\040\000C\000o\000m\000p\000u\000t\000a\000t\000i\000o\000n\000\040\000o\000n\000\040\000M\000e\000m\000r\000i\000s\000t\000i\000v\000e\000\040\000H\000a\000r\000d\000w\000a\000r\000e}{section.6.1}% 64
\BOOKMARK [2][]{subsection.6.1.3}{\376\377\0006\000.\0001\000.\0003\000\040\000D\000e\000v\000i\000c\000e\000-\000F\000a\000c\000i\000n\000g\000\040\000P\000l\000a\000s\000t\000i\000c\000i\000t\000y\000\040\000R\000u\000l\000e\000s}{section.6.1}% 65
\BOOKMARK [1][]{section.6.2}{\376\377\0006\000.\0002\000\040\000N\000o\000n\000i\000d\000e\000a\000l\000i\000t\000y\000-\000A\000w\000a\000r\000e\000\040\000T\000r\000a\000i\000n\000i\000n\000g}{chapter.6}% 66
\BOOKMARK [2][]{subsection.6.2.1}{\376\377\0006\000.\0002\000.\0001\000\040\000C\000r\000o\000s\000s\000b\000a\000r\000\040\000A\000r\000r\000a\000y\000s\000\040\000a\000n\000d\000\040\000W\000e\000i\000g\000h\000t\000\040\000M\000a\000p\000p\000i\000n\000g}{section.6.2}% 67
\BOOKMARK [2][]{subsection.6.2.2}{\376\377\0006\000.\0002\000.\0002\000\040\000D\000e\000v\000i\000c\000e\000\040\000M\000o\000d\000e\000l\000,\000\040\000C\000a\000l\000i\000b\000r\000a\000t\000i\000o\000n\000,\000\040\000a\000n\000d\000\040\000V\000a\000l\000i\000d\000a\000t\000i\000o\000n}{section.6.2}% 68
\BOOKMARK [2][]{subsection.6.2.3}{\376\377\0006\000.\0002\000.\0003\000\040\000H\000o\000m\000e\000o\000s\000t\000a\000t\000i\000c\000\040\000R\000e\000g\000u\000l\000a\000r\000i\000s\000a\000t\000i\000o\000n\000\040\000a\000n\000d\000\040\000i\000t\000s\000\040\000A\000r\000c\000h\000i\000t\000e\000c\000t\000u\000r\000a\000l\000\040\000C\000e\000i\000l\000i\000n\000g}{section.6.2}% 69
\BOOKMARK [1][]{section.6.3}{\376\377\0006\000.\0003\000\040\000T\000h\000e\000\040\000T\000r\000a\000n\000s\000i\000e\000n\000t\000\040\000a\000s\000\040\000a\000\040\000T\000e\000m\000p\000o\000r\000a\000l\000-\000I\000n\000t\000e\000g\000r\000a\000t\000i\000o\000n\000\040\000P\000r\000i\000m\000i\000t\000i\000v\000e}{chapter.6}% 70
\BOOKMARK [2][]{subsection.6.3.1}{\376\377\0006\000.\0003\000.\0001\000\040\000T\000h\000e\000\040\000D\000e\000v\000i\000c\000e\000-\000G\000r\000o\000u\000n\000d\000e\000d\000\040\000L\000I\000F\000\040\000M\000e\000m\000b\000r\000a\000n\000e}{section.6.3}% 71
\BOOKMARK [2][]{subsection.6.3.2}{\376\377\0006\000.\0003\000.\0002\000\040\000R\000e\000t\000e\000n\000t\000i\000o\000n\000\040\000a\000s\000\040\000a\000\040\000F\000a\000b\000r\000i\000c\000a\000t\000i\000o\000n\000-\000S\000e\000t\000\040\000H\000o\000l\000d\000-\000T\000i\000m\000e}{section.6.3}% 72
\BOOKMARK [2][]{subsection.6.3.3}{\376\377\0006\000.\0003\000.\0003\000\040\000N\000e\000u\000r\000o\000m\000o\000r\000p\000h\000i\000c\000\040\000a\000n\000d\000\040\000B\000i\000o\000s\000i\000g\000n\000a\000l\000\040\000B\000e\000n\000c\000h\000m\000a\000r\000k\000s}{section.6.3}% 73
\BOOKMARK [1][]{section.6.4}{\376\377\0006\000.\0004\000\040\000S\000u\000m\000m\000a\000r\000y}{chapter.6}% 74
\BOOKMARK [0][]{chapter.7}{\376\377\0007\000\040\000M\000e\000m\000r\000i\000s\000t\000i\000v\000e\000\040\000R\000e\000i\000n\000f\000o\000r\000c\000e\000m\000e\000n\000t\000\040\000L\000e\000a\000r\000n\000i\000n\000g}{}% 75
\BOOKMARK [1][]{section.7.1}{\376\377\0007\000.\0001\000\040\000T\000h\000e\000\040\000T\000r\000a\000n\000s\000i\000e\000n\000t\000\040\000a\000s\000\040\000a\000n\000\040\000E\000l\000i\000g\000i\000b\000i\000l\000i\000t\000y\000\040\000T\000r\000a\000c\000e}{chapter.7}% 76
\BOOKMARK [2][]{subsection.7.1.1}{\376\377\0007\000.\0001\000.\0001\000\040\000R\000e\000p\000u\000r\000p\000o\000s\000i\000n\000g\000\040\000t\000h\000e\000\040\000T\000r\000a\000p\000-\000C\000a\000s\000c\000a\000d\000e\000\040\000M\000o\000d\000e\000l}{section.7.1}% 77
\BOOKMARK [2][]{subsection.7.1.2}{\376\377\0007\000.\0001\000.\0002\000\040\000T\000h\000e\000\040\000T\000h\000r\000e\000e\000-\000F\000a\000c\000t\000o\000r\000\040\000L\000e\000a\000r\000n\000i\000n\000g\000\040\000R\000u\000l\000e}{section.7.1}% 78
\BOOKMARK [1][]{section.7.2}{\376\377\0007\000.\0002\000\040\000C\000l\000o\000s\000e\000d\000-\000L\000o\000o\000p\000\040\000R\000e\000i\000n\000f\000o\000r\000c\000e\000m\000e\000n\000t\000\040\000L\000e\000a\000r\000n\000i\000n\000g}{chapter.7}% 79
\BOOKMARK [2][]{subsection.7.2.1}{\376\377\0007\000.\0002\000.\0001\000\040\000R\000e\000t\000e\000n\000t\000i\000o\000n\000\040\000a\000s\000\040\000a\000\040\000C\000r\000e\000d\000i\000t\000-\000A\000s\000s\000i\000g\000n\000m\000e\000n\000t\000\040\000W\000i\000n\000d\000o\000w}{section.7.2}% 80
\BOOKMARK [2][]{subsection.7.2.2}{\376\377\0007\000.\0002\000.\0002\000\040\000S\000e\000q\000u\000e\000n\000t\000i\000a\000l\000\040\000C\000r\000e\000d\000i\000t\000\040\000A\000s\000s\000i\000g\000n\000m\000e\000n\000t\000\040\000a\000n\000d\000\040\000a\000\040\000B\000e\000n\000c\000h\000m\000a\000r\000k}{section.7.2}% 81
\BOOKMARK [1][]{section.7.3}{\376\377\0007\000.\0003\000\040\000S\000c\000a\000l\000i\000n\000g\000\040\000a\000n\000d\000\040\000H\000a\000r\000d\000w\000a\000r\000e\000\040\000R\000e\000a\000l\000i\000s\000a\000t\000i\000o\000n}{chapter.7}% 82
\BOOKMARK [2][]{subsection.7.3.1}{\376\377\0007\000.\0003\000.\0001\000\040\000C\000r\000o\000s\000s\000b\000a\000r\000\040\000R\000e\000a\000l\000i\000s\000a\000t\000i\000o\000n\000\040\000a\000n\000d\000\040\000S\000c\000a\000l\000i\000n\000g\000\040\000t\000o\000\040\000D\000e\000p\000t\000h}{section.7.3}% 83
\BOOKMARK [2][]{subsection.7.3.2}{\376\377\0007\000.\0003\000.\0002\000\040\000G\000r\000o\000u\000n\000d\000i\000n\000g\000\040\000i\000n\000\040\000D\000o\000p\000a\000m\000i\000n\000e\000r\000g\000i\000c\000\040\000L\000e\000a\000r\000n\000i\000n\000g}{section.7.3}% 84
\BOOKMARK [2][]{subsection.7.3.3}{\376\377\0007\000.\0003\000.\0003\000\040\000A\000\040\000S\000c\000a\000l\000i\000n\000g\000\040\000R\000e\000l\000a\000t\000i\000o\000n\000\040\000f\000o\000r\000\040\000T\000e\000m\000p\000o\000r\000a\000l\000\040\000C\000r\000e\000d\000i\000t\000\040\000A\000s\000s\000i\000g\000n\000m\000e\000n\000t}{section.7.3}% 85
\BOOKMARK [1][]{section.7.4}{\376\377\0007\000.\0004\000\040\000S\000u\000m\000m\000a\000r\000y}{chapter.7}% 86
\BOOKMARK [0][]{chapter.8}{\376\377\0008\000\040\000C\000o\000n\000c\000l\000u\000s\000i\000o\000n}{}% 87
\BOOKMARK [1][]{section.8.1}{\376\377\0008\000.\0001\000\040\000F\000u\000t\000u\000r\000e\000\040\000D\000i\000r\000e\000c\000t\000i\000o\000n\000s}{chapter.8}% 88
\BOOKMARK [2][]{subsection.8.1.1}{\376\377\0008\000.\0001\000.\0001\000\040\000E\000x\000p\000l\000o\000r\000a\000t\000o\000r\000y\000\040\000C\000l\000o\000s\000e\000d\000-\000L\000o\000o\000p\000\040\000E\000x\000t\000e\000n\000s\000i\000o\000n\000s}{section.8.1}% 89
\BOOKMARK [2][]{subsection.8.1.2}{\376\377\0008\000.\0001\000.\0002\000\040\000A\000\040\000P\000r\000e\000d\000i\000c\000t\000e\000d\000\040\000D\000e\000v\000i\000c\000e\000-\000I\000n\000t\000e\000r\000n\000a\000l\000\040\000C\000a\000p\000t\000u\000r\000e\000\040\000M\000e\000c\000h\000a\000n\000i\000s\000m}{section.8.1}% 90
\BOOKMARK [2][]{subsection.8.1.3}{\376\377\0008\000.\0001\000.\0003\000\040\000T\000o\000w\000a\000r\000d\000\040\000O\000n\000-\000C\000h\000i\000p\000\040\000L\000e\000a\000r\000n\000i\000n\000g}{section.8.1}% 91
\BOOKMARK [1][]{section.8.2}{\376\377\0008\000.\0002\000\040\000C\000l\000o\000s\000i\000n\000g\000\040\000R\000e\000m\000a\000r\000k\000s}{chapter.8}% 92
\BOOKMARK [0][]{chapter*.151}{\376\377\000R\000e\000f\000e\000r\000e\000n\000c\000e\000s}{}% 93
